SQL> select lower('Korea') from dual;

LOWER('KOR
----------
korea

SQL> select upper('Korea') from dual;

UPPER('KOR
----------
KOREA

SQL> select inicap('i am a boy') from dual;
select inicap('i am a boy') from dual
       *
ERROR at line 1:
ORA-00904: "INICAP": invalid identifier


SQL> select initcap('i am a boy') from dual;

INITCAP('IAMABOY')
--------------------
I Am A Boy

SQL> select length('i am a boy') from dual;

LENGTH('IAMABOY')
-----------------
               10

SQL>